
---- 19ef7662cea1b276 19ef765fe44de0ee ['UNREAD', 'CATEGORY_UPDATES', 'INBOX']
Heirloom <tracking@shipstation.com> | Your order has been shipped! | Wed, 24 Jun 2026 02:12:07 +0000 (UTC)
 

 Dear Julia Jennings, 
 Thank you for your order from Heirloom!  We wanted to let you know that your order (#951959) was shipped via FedEx, on 6/23/2026. You can track your package at any time using the link below. 

 Shipped To: 
 Julia Jennings
19 CROSSTOWN AVE
WEST ROXBURY, MA 02132-5703 US 
 Track Your Shipment:  382179846330 

 This shipment includes the following items: 

 Item # Description Qty 
 HT298 GALLON Avant Garde™ 1 
 SH059 GALLON Scentuous™ 1 
 BO411 GALLON Variegata di Bologna 1 
 
 If your order contains a gift note, it will be printed on the packing list for your recipient. 

 Please take a moment to familiarize yourself with how your order will arrive, as well as our recommended planting instructions. 
 If you selected compostable packaging:   [ Watch the Compostable Packaging Arrival Video → ] 

If your roses are arriving in a plastic pot:   [ Watch the Plastic Pot Arrival Video → ] 
 When you're ready to plant: [ Follow Our Rose Planting Instructions Here → ] 

 Thank you for your business, and we look forward to serving you in the future! 
 Heirloom 
 Phone: 800-820-0465 
 Email: info@heirloomroses.com 
 Website: heirloomroses.com 
 

 

---- 19ef765fe44de0ee 19ef765fe44de0ee ['UNREAD', 'CATEGORY_UPDATES', 'INBOX']
Heirloom <tracking@shipstation.com> | Your order has been shipped! | Wed, 24 Jun 2026 02:11:55 +0000 (UTC)
 

 Dear Julia Jennings, 
 Thank you for your order from Heirloom!  We wanted to let you know that your order (#951959) was shipped via FedEx, on 6/23/2026. You can track your package at any time using the link below. 

 Shipped To: 
 Julia Jennings
19 CROSSTOWN AVE
WEST ROXBURY, MA 02132-5703 US 
 Track Your Shipment:  382179846020 

 This shipment includes the following items: 

 Item # Description Qty 
 LC553 GALLON Raspberry Cream Twirl™ 1 
 FL002 GALLON SUMMER ROMANCE:TM (Pat#:PP 25,993) 1 
 GR006 GALLON Parfuma® Madame Anisette™ 1 
 
 If your order contains a gift note, it will be printed on the packing list for your recipient. 

 Please take a moment to familiarize yourself with how your order will arrive, as well as our recommended planting instructions. 
 If you selected compostable packaging:   [ Watch the Compostable Packaging Arrival Video → ] 

If your roses are arriving in a plastic pot:   [ Watch the Plastic Pot Arrival Video → ] 
 When you're ready to plant: [ Follow Our Rose Planting Instructions Here → ] 

 Thank you for your business, and we look forward to serving you in the future! 
 Heirloom 
 Phone: 800-820-0465 
 Email: info@heirloomroses.com 
 Website: heirloomroses.com 
 

 

---- 19ef536433778b03 19ef536433778b03 ['UNREAD', 'Label_9', 'CATEGORY_UPDATES', 'INBOX']
The Spa at Mandarin Oriental Boston <mobos-spa@mohg.com> | Spa Confirmation | Tue, 23 Jun 2026 09:14:48 -0400
 
 
 
 
 
 
 
 96 
 
 
 
 
 
 
 
 
 
 
 
 @media only screen and (min-width: 520px) {
 .u-row {
 width: 500px !important;
 }

 .u-row .u-col {
 vertical-align: top;
 }

 
 .u-row .u-col-33p33 {
 width: 166.65px !important;
 }
 

 .u-row .u-col-33p34 {
 width: 166.7px !important;
 }
 

 .u-row .u-col-100 {
 width: 500px !important;
 }
 
 }

 @media only screen and (max-width: 520px) {
 .u-row-container {
 max-width: 100% !important;
 padding-left: 0px !important;
 padding-right: 0px !important;
 }

 .u-row {
 width: 100% !important;
 }

 .u-row .u-col {
 display: block !important;
 width: 100% !important;
 min-width: 320px !important;
 max-width: 100% !important;
 }

 .u-row .u-col > div {
 margin: 0 auto;
 }

}
 
body{margin:0;padding:0}table,td,tr{border-collapse:collapse;vertical-align:top}.ie-container table,.mso-container table{table-layout:fixed}*{line-height:inherit}a[x-apple-data-detectors=true]{color:inherit!important;text-decoration:none!important}


table, td { color: #000000; } 
 
 

 

 
 
 
 
 
 
 
 
 
 
 
 
 
 
 
 
 
 
 
 
 
 
 
 
 
 
 
 
 
 
 
 
 
 

 

 
 

 
 

 
 
 



 
 
 
 
 

 

 

 


 
 
 
 
 
 
 
 
 
 
 
 
 
 
 
 
 
 
 Dear Ms. Jennings

 


 
 

 
 

 
 
 



 
 
 
 
 

 

 

 


 
 
 
 
 
 
 
 
 
 
 
 
 
 
 
 
 
 
 Warm Greetings from The Spa at Mandarin Oriental, Boston. We are delighted you have scheduled time with us; please take a moment to review your itinerary below before your upcoming appointment: 

 


 
 

 
 

 
 
 



 
 
 
 
 

 

 

 


 
 
 
 
 
 
 
 
 
 
 
 
 
 
 
 
 
 
  

  

 Guest Details 

  

 GUEST 

 Ms. Julia Jennings 

  

  

 Appointment Details 

  

 TREATMENT 

 1Hr 50mins Time Ritual (Body) 

 

 

  

  

 DATE                                                               TIME 

 Friday, July 10, 2026                                   4:15 PM                                                         

  

 PRICE (not inclusive of 20% gratuity which is added for your convenience)   

 USD  490 

  

  

  

  

 Guest Details 

  

 GUEST 

 Ms. Dennise Greensmith 

  

  

 Appointment Details 

  

 TREATMENT 

 Therapeutic 1 hour 20 min 

 

 

  

  

 DATE                                                               TIME 

 Friday, July 10, 2026                                   4:15 PM                                                         

  

 PRICE (not inclusive of 20% gratuity which is added for your convenience)   

 USD  350 

  

  

  

  

 Guest Details 

  

 GUEST 

 Ms. Kyuri Kim 

  

  

 Appointment Details 

  

 TREATMENT 

 Therapeutic 1 hour 20 min 

 

 

  

  

 DATE                                                               TIME 

 Friday, July 10, 2026                                   4:15 PM                                                         

  

 PRICE (not inclusive of 20% gratuity which is added for your convenience)   

 USD  350 

  

  


 


 
 

 
 

 
 
 



 
 
 
 
 

 

 

 


 
 
 
 
 
 
 
 
 
 
 
 
 
 
 
 
 
 
 Arrival 

 


 
 

 
 

 
 
 



 
 
 
 
 

 

 

 


 
 
 
 
 
 
 
 
 
 
 
 
 
 
 
 
 
 
 We recommend that you arrive to The Spa 30 to 45 minutes prior to your first scheduled appointment. This allows you ample time to visit the spa's thermal experiences, an oasis of heat and water, to truly prepare for your treatment journey. To ensure a holistic Spa experience for each guest, kindly note that our heat and water facilities are only available prior to treatments, and swimwear is required. 

 


 
 

 
 

 
 
 
 
 
 
 Our Spa offers each guest the chance to relax in a tranquil setting. To respect the privacy of our guests, we kindly 

---- 19ea87a05e60456d 19ea87a05e60456d ['UNREAD', 'Label_9', 'CATEGORY_UPDATES', 'INBOX']
TREASURY.DIRECT@fiscal.treasury.gov | A Message from TreasuryDirect | Mon, 8 Jun 2026 14:23:49 -0400 (EDT)
Dear Julia,

Check the Investor InBox section of your TreasuryDirect account for an important message.

Thank you for using TreasuryDirect.
